#-----------------------------------------------------------
# Webtalk v2019.2 (64-bit)
# SW Build 2708876 on Wed Nov  6 21:40:23 MST 2019
# IP Build 2700528 on Thu Nov  7 00:09:20 MST 2019
# Start of session at: Fri Dec  6 01:56:18 2019
# Process ID: 18628
# Current directory: C:/Users/acer/Documents/VHDL/lab3/modul-20191206T005452Z-001/modul/modul.sim/sim_1/behav/xsim
# Command line: wbtcv.exe -mode batch -source C:/Users/acer/Documents/VHDL/lab3/modul-20191206T005452Z-001/modul/modul.sim/sim_1/behav/xsim/xsim.dir/modul_tb_behav/webtalk/xsim_webtalk.tcl -notrace
# Log file: C:/Users/acer/Documents/VHDL/lab3/modul-20191206T005452Z-001/modul/modul.sim/sim_1/behav/xsim/webtalk.log
# Journal file: C:/Users/acer/Documents/VHDL/lab3/modul-20191206T005452Z-001/modul/modul.sim/sim_1/behav/xsim\webtalk.jou
#-----------------------------------------------------------
source C:/Users/acer/Documents/VHDL/lab3/modul-20191206T005452Z-001/modul/modul.sim/sim_1/behav/xsim/xsim.dir/modul_tb_behav/webtalk/xsim_webtalk.tcl -notrace
